// Jest Snapshot v1, https://goo.gl/fbAQLP

exports[`Tree Component Should match snapshot 1`] = `
<div
  style={
    Object {
      "padding": ".6rem 1rem",
    }
  }
>
  <div
    style={
      Object {
        "alignItems": "center",
        "display": "flex",
        "height": "1.5rem",
      }
    }
  >
    <input
      onChange={[Function]}
      type="checkbox"
    />
    <span>
      Australia
    </span>
    <i
      onClick={[Function]}
    >
      <svg
        aria-hidden="true"
        className="MuiSvgIcon-root-1"
        focusable="false"
        role="presentation"
        viewBox="0 0 24 24"
      >
        <path
          d="M12 8l-6 6 1.41 1.41L12 10.83l4.59 4.58L18 14z"
        />
        <path
          d="M0 0h24v24H0z"
          fill="none"
        />
      </svg>
    </i>
  </div>
  <div
    style={
      Object {
        "padding": ".6rem 1rem",
      }
    }
  >
    <div
      style={
        Object {
          "alignItems": "center",
          "display": "flex",
          "height": "1.5rem",
        }
      }
    >
      <input
        onChange={[Function]}
        type="checkbox"
      />
      <span>
        NSW
      </span>
      <i
        onClick={[Function]}
      >
        <svg
          aria-hidden="true"
          className="MuiSvgIcon-root-1"
          focusable="false"
          role="presentation"
          viewBox="0 0 24 24"
        >
          <path
            d="M16.59 8.59L12 13.17 7.41 8.59 6 10l6 6 6-6z"
          />
          <path
            d="M0 0h24v24H0z"
            fill="none"
          />
        </svg>
      </i>
    </div>
    <div
      style={
        Object {
          "alignItems": "center",
          "display": "flex",
          "height": "1.5rem",
        }
      }
    >
      <input
        onChange={[Function]}
        type="checkbox"
      />
      <span>
        QLD
      </span>
      <i
        onClick={[Function]}
      >
        <svg
          aria-hidden="true"
          className="MuiSvgIcon-root-1"
          focusable="false"
          role="presentation"
          viewBox="0 0 24 24"
        >
          <path
            d="M16.59 8.59L12 13.17 7.41 8.59 6 10l6 6 6-6z"
          />
          <path
            d="M0 0h24v24H0z"
            fill="none"
          />
        </svg>
      </i>
    </div>
    <div
      style={
        Object {
          "alignItems": "center",
          "display": "flex",
          "height": "1.5rem",
        }
      }
    >
      <input
        onChange={[Function]}
        type="checkbox"
      />
      <span>
        Victoria
      </span>
      <i
        onClick={[Function]}
      >
        <svg
          aria-hidden="true"
          className="MuiSvgIcon-root-1"
          focusable="false"
          role="presentation"
          viewBox="0 0 24 24"
        >
          <path
            d="M16.59 8.59L12 13.17 7.41 8.59 6 10l6 6 6-6z"
          />
          <path
            d="M0 0h24v24H0z"
            fill="none"
          />
        </svg>
      </i>
    </div>
    <div
      style={
        Object {
          "alignItems": "center",
          "display": "flex",
          "height": "1.5rem",
        }
      }
    >
      <input
        onChange={[Function]}
        type="checkbox"
      />
      <span>
        Western Australia
      </span>
      <i
        onClick={[Function]}
      >
        <svg
          aria-hidden="true"
          className="MuiSvgIcon-root-1"
          focusable="false"
          role="presentation"
          viewBox="0 0 24 24"
        >
          <path
            d="M16.59 8.59L12 13.17 7.41 8.59 6 10l6 6 6-6z"
          />
          <path
            d="M0 0h24v24H0z"
            fill="none"
          />
        </svg>
      </i>
    </div>
    <div
      style={
        Object {
          "alignItems": "center",
          "display": "flex",
          "height": "1.5rem",
        }
      }
    >
      <input
        onChange={[Function]}
        type="checkbox"
      />
      <span>
        ACT
      </span>
    </div>
  </div>
  <div
    style={
      Object {
        "alignItems": "center",
        "display": "flex",
        "height": "1.5rem",
      }
    }
  >
    <input
      onChange={[Function]}
      type="checkbox"
    />
    <span>
      New Zealand
    </span>
  </div>
</div>
`;
